[2026-01-02T09:20:37.344+0000] {taskinstance.py:1956} INFO - Dependencies all met for dep_context=non-requeueable deps ti=<TaskInstance: equity_market_etl.ingest_prices_to_bronze scheduled__2026-01-01T00:00:00+00:00 [queued]>
[2026-01-02T09:20:37.350+0000] {taskinstance.py:1956} INFO - Dependencies all met for dep_context=requeueable deps ti=<TaskInstance: equity_market_etl.ingest_prices_to_bronze scheduled__2026-01-01T00:00:00+00:00 [queued]>
[2026-01-02T09:20:37.350+0000] {taskinstance.py:2170} INFO - Starting attempt 1 of 4
[2026-01-02T09:20:37.357+0000] {taskinstance.py:2191} INFO - Executing <Task(PythonOperator): ingest_prices_to_bronze> on 2026-01-01 00:00:00+00:00
[2026-01-02T09:20:37.360+0000] {standard_task_runner.py:60} INFO - Started process 221 to run task
[2026-01-02T09:20:37.362+0000] {standard_task_runner.py:87} INFO - Running: ['***', 'tasks', 'run', 'equity_market_etl', 'ingest_prices_to_bronze', 'scheduled__2026-01-01T00:00:00+00:00', '--job-id', '3', '--raw', '--subdir', 'DAGS_FOLDER/equity_market_etl_dag.py', '--cfg-path', '/tmp/tmptoslczd_']
[2026-01-02T09:20:37.363+0000] {standard_task_runner.py:88} INFO - Job 3: Subtask ingest_prices_to_bronze
[2026-01-02T09:20:37.375+0000] {logging_mixin.py:188} WARNING - /home/***/.local/lib/python3.8/site-packages/***/settings.py:194 DeprecationWarning: The sql_alchemy_conn option in [core] has been moved to the sql_alchemy_conn option in [database] - the old setting has been used, but please update your config.
[2026-01-02T09:20:37.397+0000] {task_command.py:423} INFO - Running <TaskInstance: equity_market_etl.ingest_prices_to_bronze scheduled__2026-01-01T00:00:00+00:00 [running]> on host cd6abd4edfdb
[2026-01-02T09:20:37.436+0000] {taskinstance.py:2480} INFO - Exporting env vars: AIRFLOW_CTX_DAG_OWNER='data-eng' AIRFLOW_CTX_DAG_ID='equity_market_etl' AIRFLOW_CTX_TASK_ID='ingest_prices_to_bronze' AIRFLOW_CTX_EXECUTION_DATE='2026-01-01T00:00:00+00:00' AIRFLOW_CTX_TRY_NUMBER='1' AIRFLOW_CTX_DAG_RUN_ID='scheduled__2026-01-01T00:00:00+00:00'
[2026-01-02T09:20:42.585+0000] {logging_mixin.py:188} INFO - [ingest_prices_to_bronze] Wrote skipped report: /opt/data/bronze/prices_audit/skipped_prices_files.txt
[2026-01-02T10:00:00.872+0000] {taskinstance.py:2698} ERROR - Task failed with exception
Traceback (most recent call last):
  File "/home/airflow/.local/lib/python3.8/site-packages/airflow/models/taskinstance.py", line 433, in _execute_task
    result = execute_callable(context=context, **execute_callable_kwargs)
  File "/home/airflow/.local/lib/python3.8/site-packages/airflow/operators/python.py", line 199, in execute
    return_value = self.execute_callable()
  File "/home/airflow/.local/lib/python3.8/site-packages/airflow/operators/python.py", line 216, in execute_callable
    return self.python_callable(*self.op_args, **self.op_kwargs)
  File "/opt/airflow/src/ingestion/ingest_prices.py", line 142, in ingest_prices_to_bronze
    df_out.write.mode("overwrite")
  File "/home/airflow/.local/lib/python3.8/site-packages/pyspark/sql/readwriter.py", line 1721, in parquet
    self._jwrite.parquet(path)
  File "/home/airflow/.local/lib/python3.8/site-packages/py4j/java_gateway.py", line 1322, in __call__
    return_value = get_return_value(
  File "/home/airflow/.local/lib/python3.8/site-packages/pyspark/errors/exceptions/captured.py", line 179, in deco
    return f(*a, **kw)
  File "/home/airflow/.local/lib/python3.8/site-packages/py4j/protocol.py", line 326, in get_return_value
    raise Py4JJavaError(
py4j.protocol.Py4JJavaError: An error occurred while calling o60250.parquet.
: java.lang.OutOfMemoryError: Java heap space

[2026-01-02T10:00:00.880+0000] {taskinstance.py:1138} INFO - Marking task as UP_FOR_RETRY. dag_id=equity_market_etl, task_id=ingest_prices_to_bronze, execution_date=20260101T000000, start_date=20260102T092037, end_date=20260102T100000
[2026-01-02T10:00:00.889+0000] {standard_task_runner.py:107} ERROR - Failed to execute job 3 for task ingest_prices_to_bronze (An error occurred while calling o60250.parquet.
: java.lang.OutOfMemoryError: Java heap space
; 221)
[2026-01-02T10:00:00.929+0000] {local_task_job_runner.py:234} INFO - Task exited with return code 1
[2026-01-02T10:00:00.942+0000] {taskinstance.py:3280} INFO - 0 downstream tasks scheduled from follow-on schedule check
