[2026-01-02T21:31:21.800+0000] {taskinstance.py:1956} INFO - Dependencies all met for dep_context=non-requeueable deps ti=<TaskInstance: equity_market_etl.create_gold_prices_enriched scheduled__2026-01-01T00:00:00+00:00 [queued]>
[2026-01-02T21:31:21.805+0000] {taskinstance.py:1956} INFO - Dependencies all met for dep_context=requeueable deps ti=<TaskInstance: equity_market_etl.create_gold_prices_enriched scheduled__2026-01-01T00:00:00+00:00 [queued]>
[2026-01-02T21:31:21.805+0000] {taskinstance.py:2170} INFO - Starting attempt 3 of 6
[2026-01-02T21:31:21.811+0000] {taskinstance.py:2191} INFO - Executing <Task(PythonOperator): create_gold_prices_enriched> on 2026-01-01 00:00:00+00:00
[2026-01-02T21:31:21.814+0000] {standard_task_runner.py:60} INFO - Started process 2983 to run task
[2026-01-02T21:31:21.816+0000] {standard_task_runner.py:87} INFO - Running: ['***', 'tasks', 'run', 'equity_market_etl', 'create_gold_prices_enriched', 'scheduled__2026-01-01T00:00:00+00:00', '--job-id', '48', '--raw', '--subdir', 'DAGS_FOLDER/equity_market_etl_dag.py', '--cfg-path', '/tmp/tmpxvkwypef']
[2026-01-02T21:31:21.817+0000] {standard_task_runner.py:88} INFO - Job 48: Subtask create_gold_prices_enriched
[2026-01-02T21:31:21.825+0000] {logging_mixin.py:188} WARNING - /home/***/.local/lib/python3.11/site-packages/***/settings.py:194 DeprecationWarning: The sql_alchemy_conn option in [core] has been moved to the sql_alchemy_conn option in [database] - the old setting has been used, but please update your config.
[2026-01-02T21:31:21.842+0000] {task_command.py:423} INFO - Running <TaskInstance: equity_market_etl.create_gold_prices_enriched scheduled__2026-01-01T00:00:00+00:00 [running]> on host df79c1317558
[2026-01-02T21:31:21.981+0000] {taskinstance.py:2480} INFO - Exporting env vars: AIRFLOW_CTX_DAG_OWNER='data-eng' AIRFLOW_CTX_DAG_ID='equity_market_etl' AIRFLOW_CTX_TASK_ID='create_gold_prices_enriched' AIRFLOW_CTX_EXECUTION_DATE='2026-01-01T00:00:00+00:00' AIRFLOW_CTX_TRY_NUMBER='3' AIRFLOW_CTX_DAG_RUN_ID='scheduled__2026-01-01T00:00:00+00:00'
[2026-01-02T21:33:09.693+0000] {taskinstance.py:2698} ERROR - Task failed with exception
Traceback (most recent call last):
  File "/home/airflow/.local/lib/python3.11/site-packages/airflow/models/taskinstance.py", line 433, in _execute_task
    result = execute_callable(context=context, **execute_callable_kwargs)
             ^^^^^^^^^^^^^^^^^^^^^^^^^^^^^^^^^^^^^^^^^^^^^^^^^^^^^^^^^^^^
  File "/home/airflow/.local/lib/python3.11/site-packages/airflow/operators/python.py", line 199, in execute
    return_value = self.execute_callable()
                   ^^^^^^^^^^^^^^^^^^^^^^^
  File "/home/airflow/.local/lib/python3.11/site-packages/airflow/operators/python.py", line 216, in execute_callable
    return self.python_callable(*self.op_args, **self.op_kwargs)
           ^^^^^^^^^^^^^^^^^^^^^^^^^^^^^^^^^^^^^^^^^^^^^^^^^^^^^
  File "/opt/airflow/src/transformations/silver_to_gold.py", line 351, in create_gold_enriched
    raise ValueError("[gold_prices_enriched] daily_return_invalid. See audit/bad_daily_return")
ValueError: [gold_prices_enriched] daily_return_invalid. See audit/bad_daily_return
[2026-01-02T21:33:09.706+0000] {taskinstance.py:1138} INFO - Marking task as UP_FOR_RETRY. dag_id=equity_market_etl, task_id=create_gold_prices_enriched, execution_date=20260101T000000, start_date=20260102T213121, end_date=20260102T213309
[2026-01-02T21:33:09.718+0000] {standard_task_runner.py:107} ERROR - Failed to execute job 48 for task create_gold_prices_enriched ([gold_prices_enriched] daily_return_invalid. See audit/bad_daily_return; 2983)
[2026-01-02T21:33:09.739+0000] {local_task_job_runner.py:234} INFO - Task exited with return code 1
[2026-01-02T21:33:09.753+0000] {taskinstance.py:3280} INFO - 0 downstream tasks scheduled from follow-on schedule check
