[2026-01-02T14:14:19.682+0000] {taskinstance.py:1956} INFO - Dependencies all met for dep_context=non-requeueable deps ti=<TaskInstance: equity_market_etl.transform_prices_bronze_to_silver scheduled__2026-01-01T00:00:00+00:00 [queued]>
[2026-01-02T14:14:19.686+0000] {taskinstance.py:1956} INFO - Dependencies all met for dep_context=requeueable deps ti=<TaskInstance: equity_market_etl.transform_prices_bronze_to_silver scheduled__2026-01-01T00:00:00+00:00 [queued]>
[2026-01-02T14:14:19.687+0000] {taskinstance.py:2170} INFO - Starting attempt 5 of 8
[2026-01-02T14:14:19.693+0000] {taskinstance.py:2191} INFO - Executing <Task(PythonOperator): transform_prices_bronze_to_silver> on 2026-01-01 00:00:00+00:00
[2026-01-02T14:14:19.696+0000] {standard_task_runner.py:60} INFO - Started process 938 to run task
[2026-01-02T14:14:19.698+0000] {standard_task_runner.py:87} INFO - Running: ['***', 'tasks', 'run', 'equity_market_etl', 'transform_prices_bronze_to_silver', 'scheduled__2026-01-01T00:00:00+00:00', '--job-id', '21', '--raw', '--subdir', 'DAGS_FOLDER/equity_market_etl_dag.py', '--cfg-path', '/tmp/tmpcsv74cgm']
[2026-01-02T14:14:19.699+0000] {standard_task_runner.py:88} INFO - Job 21: Subtask transform_prices_bronze_to_silver
[2026-01-02T14:14:19.707+0000] {logging_mixin.py:188} WARNING - /home/***/.local/lib/python3.8/site-packages/***/settings.py:194 DeprecationWarning: The sql_alchemy_conn option in [core] has been moved to the sql_alchemy_conn option in [database] - the old setting has been used, but please update your config.
[2026-01-02T14:14:19.724+0000] {task_command.py:423} INFO - Running <TaskInstance: equity_market_etl.transform_prices_bronze_to_silver scheduled__2026-01-01T00:00:00+00:00 [running]> on host 8199fc2472f3
[2026-01-02T14:14:19.761+0000] {taskinstance.py:2480} INFO - Exporting env vars: AIRFLOW_CTX_DAG_OWNER='data-eng' AIRFLOW_CTX_DAG_ID='equity_market_etl' AIRFLOW_CTX_TASK_ID='transform_prices_bronze_to_silver' AIRFLOW_CTX_EXECUTION_DATE='2026-01-01T00:00:00+00:00' AIRFLOW_CTX_TRY_NUMBER='5' AIRFLOW_CTX_DAG_RUN_ID='scheduled__2026-01-01T00:00:00+00:00'
[2026-01-02T14:16:19.878+0000] {local_task_job_runner.py:121} ERROR - Received SIGTERM. Terminating subprocesses
[2026-01-02T14:16:19.894+0000] {process_utils.py:131} INFO - Sending 15 to group 938. PIDs of all processes in the group: [939, 938]
[2026-01-02T14:16:19.895+0000] {process_utils.py:86} INFO - Sending the signal 15 to group 938
[2026-01-02T14:16:19.897+0000] {taskinstance.py:2450} ERROR - Received SIGTERM. Terminating subprocesses.
[2026-01-02T14:16:19.899+0000] {clientserver.py:538} INFO - Error while receiving.
Traceback (most recent call last):
  File "/home/airflow/.local/lib/python3.8/site-packages/py4j/clientserver.py", line 511, in send_command
    answer = smart_decode(self.stream.readline()[:-1])
  File "/usr/local/lib/python3.8/socket.py", line 669, in readinto
    return self._sock.recv_into(b)
  File "/home/airflow/.local/lib/python3.8/site-packages/airflow/models/taskinstance.py", line 2452, in signal_handler
    raise AirflowException("Task received SIGTERM signal")
airflow.exceptions.AirflowException: Task received SIGTERM signal
[2026-01-02T14:16:19.901+0000] {clientserver.py:543} INFO - Closing down clientserver connection
[2026-01-02T14:16:19.903+0000] {java_gateway.py:1055} ERROR - Exception while sending command.
Traceback (most recent call last):
  File "/home/airflow/.local/lib/python3.8/site-packages/py4j/clientserver.py", line 511, in send_command
    answer = smart_decode(self.stream.readline()[:-1])
  File "/usr/local/lib/python3.8/socket.py", line 669, in readinto
    return self._sock.recv_into(b)
  File "/home/airflow/.local/lib/python3.8/site-packages/airflow/models/taskinstance.py", line 2452, in signal_handler
    raise AirflowException("Task received SIGTERM signal")
airflow.exceptions.AirflowException: Task received SIGTERM signal

During handling of the above exception, another exception occurred:

Traceback (most recent call last):
  File "/home/airflow/.local/lib/python3.8/site-packages/py4j/java_gateway.py", line 1038, in send_command
    response = connection.send_command(command)
  File "/home/airflow/.local/lib/python3.8/site-packages/py4j/clientserver.py", line 539, in send_command
    raise Py4JNetworkError(
py4j.protocol.Py4JNetworkError: Error while sending or receiving
[2026-01-02T14:16:19.904+0000] {clientserver.py:543} INFO - Closing down clientserver connection
[2026-01-02T14:16:20.368+0000] {clientserver.py:538} INFO - Error while receiving.
Traceback (most recent call last):
  File "/opt/airflow/src/transformations/bronze_to_silver.py", line 581, in transform_prices_bronze_to_silver
    bad_outliers = _bad_outlier_tickers(prices, audit_dir)
  File "/opt/airflow/src/transformations/bronze_to_silver.py", line 231, in _bad_outlier_tickers
    if bad_rows.limit(1).count() > 0:
  File "/home/airflow/.local/lib/python3.8/site-packages/pyspark/sql/dataframe.py", line 1234, in count
    return int(self._jdf.count())
  File "/home/airflow/.local/lib/python3.8/site-packages/py4j/java_gateway.py", line 1322, in __call__
    return_value = get_return_value(
  File "/home/airflow/.local/lib/python3.8/site-packages/pyspark/errors/exceptions/captured.py", line 179, in deco
    return f(*a, **kw)
  File "/home/airflow/.local/lib/python3.8/site-packages/py4j/protocol.py", line 334, in get_return_value
    raise Py4JError(
py4j.protocol.Py4JError: An error occurred while calling o559.count

During handling of the above exception, another exception occurred:

Traceback (most recent call last):
  File "/home/airflow/.local/lib/python3.8/site-packages/py4j/clientserver.py", line 516, in send_command
    raise Py4JNetworkError("Answer from Java side is empty")
py4j.protocol.Py4JNetworkError: Answer from Java side is empty
[2026-01-02T14:16:20.370+0000] {clientserver.py:543} INFO - Closing down clientserver connection
[2026-01-02T14:16:20.370+0000] {java_gateway.py:1055} ERROR - Exception while sending command.
Traceback (most recent call last):
  File "/opt/airflow/src/transformations/bronze_to_silver.py", line 581, in transform_prices_bronze_to_silver
    bad_outliers = _bad_outlier_tickers(prices, audit_dir)
  File "/opt/airflow/src/transformations/bronze_to_silver.py", line 231, in _bad_outlier_tickers
    if bad_rows.limit(1).count() > 0:
  File "/home/airflow/.local/lib/python3.8/site-packages/pyspark/sql/dataframe.py", line 1234, in count
    return int(self._jdf.count())
  File "/home/airflow/.local/lib/python3.8/site-packages/py4j/java_gateway.py", line 1322, in __call__
    return_value = get_return_value(
  File "/home/airflow/.local/lib/python3.8/site-packages/pyspark/errors/exceptions/captured.py", line 179, in deco
    return f(*a, **kw)
  File "/home/airflow/.local/lib/python3.8/site-packages/py4j/protocol.py", line 334, in get_return_value
    raise Py4JError(
py4j.protocol.Py4JError: An error occurred while calling o559.count

During handling of the above exception, another exception occurred:

Traceback (most recent call last):
  File "/home/airflow/.local/lib/python3.8/site-packages/py4j/clientserver.py", line 516, in send_command
    raise Py4JNetworkError("Answer from Java side is empty")
py4j.protocol.Py4JNetworkError: Answer from Java side is empty

During handling of the above exception, another exception occurred:

Traceback (most recent call last):
  File "/home/airflow/.local/lib/python3.8/site-packages/py4j/java_gateway.py", line 1038, in send_command
    response = connection.send_command(command)
  File "/home/airflow/.local/lib/python3.8/site-packages/py4j/clientserver.py", line 539, in send_command
    raise Py4JNetworkError(
py4j.protocol.Py4JNetworkError: Error while sending or receiving
[2026-01-02T14:16:20.371+0000] {clientserver.py:543} INFO - Closing down clientserver connection
[2026-01-02T14:16:20.372+0000] {logging_mixin.py:188} WARNING - /home/***/.local/lib/python3.8/site-packages/pyspark/context.py:657 RuntimeWarning: Unable to cleanly shutdown Spark JVM process. It is possible that the process has crashed, been killed or may also be in a zombie state.
[2026-01-02T14:16:20.708+0000] {clientserver.py:543} INFO - Closing down clientserver connection
[2026-01-02T14:16:20.708+0000] {taskinstance.py:2698} ERROR - Task failed with exception
Traceback (most recent call last):
  File "/opt/airflow/src/transformations/bronze_to_silver.py", line 581, in transform_prices_bronze_to_silver
    bad_outliers = _bad_outlier_tickers(prices, audit_dir)
  File "/opt/airflow/src/transformations/bronze_to_silver.py", line 231, in _bad_outlier_tickers
    if bad_rows.limit(1).count() > 0:
  File "/home/airflow/.local/lib/python3.8/site-packages/pyspark/sql/dataframe.py", line 1234, in count
    return int(self._jdf.count())
  File "/home/airflow/.local/lib/python3.8/site-packages/py4j/java_gateway.py", line 1322, in __call__
    return_value = get_return_value(
  File "/home/airflow/.local/lib/python3.8/site-packages/pyspark/errors/exceptions/captured.py", line 179, in deco
    return f(*a, **kw)
  File "/home/airflow/.local/lib/python3.8/site-packages/py4j/protocol.py", line 334, in get_return_value
    raise Py4JError(
py4j.protocol.Py4JError: An error occurred while calling o559.count

During handling of the above exception, another exception occurred:

Traceback (most recent call last):
  File "/home/airflow/.local/lib/python3.8/site-packages/airflow/models/taskinstance.py", line 433, in _execute_task
    result = execute_callable(context=context, **execute_callable_kwargs)
  File "/home/airflow/.local/lib/python3.8/site-packages/airflow/operators/python.py", line 199, in execute
    return_value = self.execute_callable()
  File "/home/airflow/.local/lib/python3.8/site-packages/airflow/operators/python.py", line 216, in execute_callable
    return self.python_callable(*self.op_args, **self.op_kwargs)
  File "/opt/airflow/src/transformations/bronze_to_silver.py", line 607, in transform_prices_bronze_to_silver
    spark.stop()
  File "/home/airflow/.local/lib/python3.8/site-packages/pyspark/sql/session.py", line 1799, in stop
    self._jvm.SparkSession.clearDefaultSession()
  File "/home/airflow/.local/lib/python3.8/site-packages/py4j/java_gateway.py", line 1712, in __getattr__
    answer = self._gateway_client.send_command(
  File "/home/airflow/.local/lib/python3.8/site-packages/py4j/java_gateway.py", line 1036, in send_command
    connection = self._get_connection()
  File "/home/airflow/.local/lib/python3.8/site-packages/py4j/clientserver.py", line 284, in _get_connection
    connection = self._create_new_connection()
  File "/home/airflow/.local/lib/python3.8/site-packages/py4j/clientserver.py", line 291, in _create_new_connection
    connection.connect_to_java_server()
  File "/home/airflow/.local/lib/python3.8/site-packages/py4j/clientserver.py", line 438, in connect_to_java_server
    self.socket.connect((self.java_address, self.java_port))
ConnectionRefusedError: [Errno 111] Connection refused
[2026-01-02T14:16:20.718+0000] {taskinstance.py:1138} INFO - Marking task as UP_FOR_RETRY. dag_id=equity_market_etl, task_id=transform_prices_bronze_to_silver, execution_date=20260101T000000, start_date=20260102T141419, end_date=20260102T141620
[2026-01-02T14:16:20.731+0000] {standard_task_runner.py:107} ERROR - Failed to execute job 21 for task transform_prices_bronze_to_silver ([Errno 111] Connection refused; 938)
[2026-01-02T14:16:20.754+0000] {process_utils.py:79} INFO - Process psutil.Process(pid=938, status='terminated', exitcode=1, started='14:14:19') (938) terminated with exit code 1
[2026-01-02T14:16:20.755+0000] {process_utils.py:79} INFO - Process psutil.Process(pid=939, status='terminated', started='14:14:19') (939) terminated with exit code None
[2026-01-02T14:16:20.756+0000] {local_task_job_runner.py:234} INFO - Task exited with return code 143
[2026-01-02T14:16:20.776+0000] {taskinstance.py:3280} INFO - 0 downstream tasks scheduled from follow-on schedule check
