[2026-01-02T13:42:10.047+0000] {taskinstance.py:1956} INFO - Dependencies all met for dep_context=non-requeueable deps ti=<TaskInstance: equity_market_etl.transform_prices_bronze_to_silver scheduled__2026-01-01T00:00:00+00:00 [queued]>
[2026-01-02T13:42:10.055+0000] {taskinstance.py:1956} INFO - Dependencies all met for dep_context=requeueable deps ti=<TaskInstance: equity_market_etl.transform_prices_bronze_to_silver scheduled__2026-01-01T00:00:00+00:00 [queued]>
[2026-01-02T13:42:10.055+0000] {taskinstance.py:2170} INFO - Starting attempt 2 of 5
[2026-01-02T13:42:10.063+0000] {taskinstance.py:2191} INFO - Executing <Task(PythonOperator): transform_prices_bronze_to_silver> on 2026-01-01 00:00:00+00:00
[2026-01-02T13:42:10.067+0000] {standard_task_runner.py:60} INFO - Started process 180 to run task
[2026-01-02T13:42:10.069+0000] {standard_task_runner.py:87} INFO - Running: ['***', 'tasks', 'run', 'equity_market_etl', 'transform_prices_bronze_to_silver', 'scheduled__2026-01-01T00:00:00+00:00', '--job-id', '16', '--raw', '--subdir', 'DAGS_FOLDER/equity_market_etl_dag.py', '--cfg-path', '/tmp/tmpjoaieazb']
[2026-01-02T13:42:10.070+0000] {standard_task_runner.py:88} INFO - Job 16: Subtask transform_prices_bronze_to_silver
[2026-01-02T13:42:10.079+0000] {logging_mixin.py:188} WARNING - /home/***/.local/lib/python3.8/site-packages/***/settings.py:194 DeprecationWarning: The sql_alchemy_conn option in [core] has been moved to the sql_alchemy_conn option in [database] - the old setting has been used, but please update your config.
[2026-01-02T13:42:10.099+0000] {task_command.py:423} INFO - Running <TaskInstance: equity_market_etl.transform_prices_bronze_to_silver scheduled__2026-01-01T00:00:00+00:00 [running]> on host c598e8064d79
[2026-01-02T13:42:10.141+0000] {taskinstance.py:2480} INFO - Exporting env vars: AIRFLOW_CTX_DAG_OWNER='data-eng' AIRFLOW_CTX_DAG_ID='equity_market_etl' AIRFLOW_CTX_TASK_ID='transform_prices_bronze_to_silver' AIRFLOW_CTX_EXECUTION_DATE='2026-01-01T00:00:00+00:00' AIRFLOW_CTX_TRY_NUMBER='2' AIRFLOW_CTX_DAG_RUN_ID='scheduled__2026-01-01T00:00:00+00:00'
[2026-01-02T13:45:49.009+0000] {taskinstance.py:2698} ERROR - Task failed with exception
Traceback (most recent call last):
  File "/home/airflow/.local/lib/python3.8/site-packages/airflow/models/taskinstance.py", line 433, in _execute_task
    result = execute_callable(context=context, **execute_callable_kwargs)
  File "/home/airflow/.local/lib/python3.8/site-packages/airflow/operators/python.py", line 199, in execute
    return_value = self.execute_callable()
  File "/home/airflow/.local/lib/python3.8/site-packages/airflow/operators/python.py", line 216, in execute_callable
    return self.python_callable(*self.op_args, **self.op_kwargs)
  File "/opt/airflow/src/transformations/bronze_to_silver.py", line 543, in transform_prices_bronze_to_silver
    bad_trading = _bad_trading_day_tickers(prices, companies, audit_dir, spark)
  File "/opt/airflow/src/transformations/bronze_to_silver.py", line 330, in _bad_trading_day_tickers
    expected = len(cal.sessions_in_range(start, end))
  File "/home/airflow/.local/lib/python3.8/site-packages/exchange_calendars/exchange_calendar.py", line 2199, in sessions_in_range
    slc = self._get_sessions_slice(start, end, _parse)
  File "/home/airflow/.local/lib/python3.8/site-packages/exchange_calendars/exchange_calendar.py", line 2176, in _get_sessions_slice
    start, end = self._parse_start_end_dates(start, end, _parse)
  File "/home/airflow/.local/lib/python3.8/site-packages/exchange_calendars/exchange_calendar.py", line 2172, in _parse_start_end_dates
    return parse_date(start, "start", self), parse_date(end, "end", self)
  File "/home/airflow/.local/lib/python3.8/site-packages/exchange_calendars/calendar_helpers.py", line 393, in parse_date
    raise errors.DateOutOfBounds(calendar, ts, param_name)
exchange_calendars.errors.DateOutOfBounds: Parameter `start` receieved as '1980-09-19 00:00:00' although cannot be earlier than the first session of calendar 'XNYS' ('2006-01-03 00:00:00').
[2026-01-02T13:45:49.021+0000] {taskinstance.py:1138} INFO - Marking task as UP_FOR_RETRY. dag_id=equity_market_etl, task_id=transform_prices_bronze_to_silver, execution_date=20260101T000000, start_date=20260102T134210, end_date=20260102T134549
[2026-01-02T13:45:49.033+0000] {standard_task_runner.py:107} ERROR - Failed to execute job 16 for task transform_prices_bronze_to_silver (Parameter `start` receieved as '1980-09-19 00:00:00' although cannot be earlier than the first session of calendar 'XNYS' ('2006-01-03 00:00:00').; 180)
[2026-01-02T13:45:49.049+0000] {local_task_job_runner.py:234} INFO - Task exited with return code 1
[2026-01-02T13:45:49.070+0000] {taskinstance.py:3280} INFO - 0 downstream tasks scheduled from follow-on schedule check
