[2026-01-02T15:21:16.300+0000] {taskinstance.py:1956} INFO - Dependencies all met for dep_context=non-requeueable deps ti=<TaskInstance: equity_market_etl.gold_data_quality_checks scheduled__2026-01-01T00:00:00+00:00 [queued]>
[2026-01-02T15:21:16.304+0000] {taskinstance.py:1956} INFO - Dependencies all met for dep_context=requeueable deps ti=<TaskInstance: equity_market_etl.gold_data_quality_checks scheduled__2026-01-01T00:00:00+00:00 [queued]>
[2026-01-02T15:21:16.305+0000] {taskinstance.py:2170} INFO - Starting attempt 1 of 4
[2026-01-02T15:21:16.310+0000] {taskinstance.py:2191} INFO - Executing <Task(PythonOperator): gold_data_quality_checks> on 2026-01-01 00:00:00+00:00
[2026-01-02T15:21:16.313+0000] {standard_task_runner.py:60} INFO - Started process 1048 to run task
[2026-01-02T15:21:16.315+0000] {standard_task_runner.py:87} INFO - Running: ['***', 'tasks', 'run', 'equity_market_etl', 'gold_data_quality_checks', 'scheduled__2026-01-01T00:00:00+00:00', '--job-id', '34', '--raw', '--subdir', 'DAGS_FOLDER/equity_market_etl_dag.py', '--cfg-path', '/tmp/tmp1j94qen6']
[2026-01-02T15:21:16.316+0000] {standard_task_runner.py:88} INFO - Job 34: Subtask gold_data_quality_checks
[2026-01-02T15:21:16.323+0000] {logging_mixin.py:188} WARNING - /home/***/.local/lib/python3.11/site-packages/***/settings.py:194 DeprecationWarning: The sql_alchemy_conn option in [core] has been moved to the sql_alchemy_conn option in [database] - the old setting has been used, but please update your config.
[2026-01-02T15:21:16.338+0000] {task_command.py:423} INFO - Running <TaskInstance: equity_market_etl.gold_data_quality_checks scheduled__2026-01-01T00:00:00+00:00 [running]> on host 2511b31271c9
[2026-01-02T15:21:16.465+0000] {taskinstance.py:2480} INFO - Exporting env vars: AIRFLOW_CTX_DAG_OWNER='data-eng' AIRFLOW_CTX_DAG_ID='equity_market_etl' AIRFLOW_CTX_TASK_ID='gold_data_quality_checks' AIRFLOW_CTX_EXECUTION_DATE='2026-01-01T00:00:00+00:00' AIRFLOW_CTX_TRY_NUMBER='1' AIRFLOW_CTX_DAG_RUN_ID='scheduled__2026-01-01T00:00:00+00:00'
[2026-01-02T15:21:26.437+0000] {taskinstance.py:2698} ERROR - Task failed with exception
Traceback (most recent call last):
  File "/home/airflow/.local/lib/python3.11/site-packages/airflow/models/taskinstance.py", line 433, in _execute_task
    result = execute_callable(context=context, **execute_callable_kwargs)
             ^^^^^^^^^^^^^^^^^^^^^^^^^^^^^^^^^^^^^^^^^^^^^^^^^^^^^^^^^^^^
  File "/home/airflow/.local/lib/python3.11/site-packages/airflow/operators/python.py", line 199, in execute
    return_value = self.execute_callable()
                   ^^^^^^^^^^^^^^^^^^^^^^^
  File "/home/airflow/.local/lib/python3.11/site-packages/airflow/operators/python.py", line 216, in execute_callable
    return self.python_callable(*self.op_args, **self.op_kwargs)
           ^^^^^^^^^^^^^^^^^^^^^^^^^^^^^^^^^^^^^^^^^^^^^^^^^^^^^
  File "/opt/airflow/src/validation/data_quality_checks.py", line 542, in gold_checks
    _fail_if(
  File "/opt/airflow/src/validation/data_quality_checks.py", line 25, in _fail_if
    raise DataQualityError(f"[{dataset_name}] Rule={rule}. {detail}")
src.validation.data_quality_checks.DataQualityError: [gold_prices_enriched] Rule=missing_sector_industry_for_stocks. Non-ETF rows must have sector & industry
[2026-01-02T15:21:26.444+0000] {taskinstance.py:1138} INFO - Marking task as UP_FOR_RETRY. dag_id=equity_market_etl, task_id=gold_data_quality_checks, execution_date=20260101T000000, start_date=20260102T152116, end_date=20260102T152126
[2026-01-02T15:21:26.453+0000] {standard_task_runner.py:107} ERROR - Failed to execute job 34 for task gold_data_quality_checks ([gold_prices_enriched] Rule=missing_sector_industry_for_stocks. Non-ETF rows must have sector & industry; 1048)
[2026-01-02T15:21:26.501+0000] {local_task_job_runner.py:234} INFO - Task exited with return code 1
[2026-01-02T15:21:26.512+0000] {taskinstance.py:3280} INFO - 0 downstream tasks scheduled from follow-on schedule check
