[2026-01-02T23:25:07.800+0000] {taskinstance.py:1956} INFO - Dependencies all met for dep_context=non-requeueable deps ti=<TaskInstance: equity_market_etl.silver_data_quality_checks scheduled__2026-01-01T00:00:00+00:00 [queued]>
[2026-01-02T23:25:07.806+0000] {taskinstance.py:1956} INFO - Dependencies all met for dep_context=requeueable deps ti=<TaskInstance: equity_market_etl.silver_data_quality_checks scheduled__2026-01-01T00:00:00+00:00 [queued]>
[2026-01-02T23:25:07.807+0000] {taskinstance.py:2170} INFO - Starting attempt 12 of 15
[2026-01-02T23:25:07.814+0000] {taskinstance.py:2191} INFO - Executing <Task(PythonOperator): silver_data_quality_checks> on 2026-01-01 00:00:00+00:00
[2026-01-02T23:25:07.817+0000] {standard_task_runner.py:60} INFO - Started process 1965 to run task
[2026-01-02T23:25:07.820+0000] {standard_task_runner.py:87} INFO - Running: ['***', 'tasks', 'run', 'equity_market_etl', 'silver_data_quality_checks', 'scheduled__2026-01-01T00:00:00+00:00', '--job-id', '66', '--raw', '--subdir', 'DAGS_FOLDER/equity_market_etl_dag.py', '--cfg-path', '/tmp/tmp7frut6nv']
[2026-01-02T23:25:07.822+0000] {standard_task_runner.py:88} INFO - Job 66: Subtask silver_data_quality_checks
[2026-01-02T23:25:07.838+0000] {logging_mixin.py:188} WARNING - /home/***/.local/lib/python3.11/site-packages/***/settings.py:194 DeprecationWarning: The sql_alchemy_conn option in [core] has been moved to the sql_alchemy_conn option in [database] - the old setting has been used, but please update your config.
[2026-01-02T23:25:07.861+0000] {task_command.py:423} INFO - Running <TaskInstance: equity_market_etl.silver_data_quality_checks scheduled__2026-01-01T00:00:00+00:00 [running]> on host 863448b36ad8
[2026-01-02T23:25:08.070+0000] {taskinstance.py:2480} INFO - Exporting env vars: AIRFLOW_CTX_DAG_OWNER='data-eng' AIRFLOW_CTX_DAG_ID='equity_market_etl' AIRFLOW_CTX_TASK_ID='silver_data_quality_checks' AIRFLOW_CTX_EXECUTION_DATE='2026-01-01T00:00:00+00:00' AIRFLOW_CTX_TRY_NUMBER='12' AIRFLOW_CTX_DAG_RUN_ID='scheduled__2026-01-01T00:00:00+00:00'
[2026-01-02T23:31:25.206+0000] {taskinstance.py:2698} ERROR - Task failed with exception
Traceback (most recent call last):
  File "/home/airflow/.local/lib/python3.11/site-packages/airflow/models/taskinstance.py", line 433, in _execute_task
    result = execute_callable(context=context, **execute_callable_kwargs)
             ^^^^^^^^^^^^^^^^^^^^^^^^^^^^^^^^^^^^^^^^^^^^^^^^^^^^^^^^^^^^
  File "/home/airflow/.local/lib/python3.11/site-packages/airflow/operators/python.py", line 199, in execute
    return_value = self.execute_callable()
                   ^^^^^^^^^^^^^^^^^^^^^^^
  File "/home/airflow/.local/lib/python3.11/site-packages/airflow/operators/python.py", line 216, in execute_callable
    return self.python_callable(*self.op_args, **self.op_kwargs)
           ^^^^^^^^^^^^^^^^^^^^^^^^^^^^^^^^^^^^^^^^^^^^^^^^^^^^^
  File "/opt/airflow/src/validation/data_quality_checks.py", line 495, in silver_checks
    raise DataQualityError(
src.validation.data_quality_checks.DataQualityError: [silver_prices] Rule=missing_trading_days_tolerant. AbsCap=10 RatioCap=0.01 LookbackDays=3650 Examples=[('MYFW', 'XNAS', 1626, 1647, 21, 17, '2018-07-19', '2025-02-05'), ('VEGI', 'XNYS', 2485, 2514, 29, 26, '2015-02-09', '2025-02-05')]
[2026-01-02T23:31:25.215+0000] {taskinstance.py:1138} INFO - Marking task as UP_FOR_RETRY. dag_id=equity_market_etl, task_id=silver_data_quality_checks, execution_date=20260101T000000, start_date=20260102T232507, end_date=20260102T233125
[2026-01-02T23:31:25.224+0000] {standard_task_runner.py:107} ERROR - Failed to execute job 66 for task silver_data_quality_checks ([silver_prices] Rule=missing_trading_days_tolerant. AbsCap=10 RatioCap=0.01 LookbackDays=3650 Examples=[('MYFW', 'XNAS', 1626, 1647, 21, 17, '2018-07-19', '2025-02-05'), ('VEGI', 'XNYS', 2485, 2514, 29, 26, '2015-02-09', '2025-02-05')]; 1965)
[2026-01-02T23:31:25.235+0000] {local_task_job_runner.py:234} INFO - Task exited with return code 1
[2026-01-02T23:31:25.267+0000] {taskinstance.py:3280} INFO - 0 downstream tasks scheduled from follow-on schedule check
