[2026-01-02T23:08:56.267+0000] {taskinstance.py:1956} INFO - Dependencies all met for dep_context=non-requeueable deps ti=<TaskInstance: equity_market_etl.silver_data_quality_checks scheduled__2026-01-01T00:00:00+00:00 [queued]>
[2026-01-02T23:08:56.272+0000] {taskinstance.py:1956} INFO - Dependencies all met for dep_context=requeueable deps ti=<TaskInstance: equity_market_etl.silver_data_quality_checks scheduled__2026-01-01T00:00:00+00:00 [queued]>
[2026-01-02T23:08:56.272+0000] {taskinstance.py:2170} INFO - Starting attempt 11 of 14
[2026-01-02T23:08:56.278+0000] {taskinstance.py:2191} INFO - Executing <Task(PythonOperator): silver_data_quality_checks> on 2026-01-01 00:00:00+00:00
[2026-01-02T23:08:56.282+0000] {standard_task_runner.py:60} INFO - Started process 174 to run task
[2026-01-02T23:08:56.284+0000] {standard_task_runner.py:87} INFO - Running: ['***', 'tasks', 'run', 'equity_market_etl', 'silver_data_quality_checks', 'scheduled__2026-01-01T00:00:00+00:00', '--job-id', '60', '--raw', '--subdir', 'DAGS_FOLDER/equity_market_etl_dag.py', '--cfg-path', '/tmp/tmp9vb6rp1_']
[2026-01-02T23:08:56.285+0000] {standard_task_runner.py:88} INFO - Job 60: Subtask silver_data_quality_checks
[2026-01-02T23:08:56.296+0000] {logging_mixin.py:188} WARNING - /home/***/.local/lib/python3.11/site-packages/***/settings.py:194 DeprecationWarning: The sql_alchemy_conn option in [core] has been moved to the sql_alchemy_conn option in [database] - the old setting has been used, but please update your config.
[2026-01-02T23:08:56.316+0000] {task_command.py:423} INFO - Running <TaskInstance: equity_market_etl.silver_data_quality_checks scheduled__2026-01-01T00:00:00+00:00 [running]> on host acb8b3c305b1
[2026-01-02T23:08:56.499+0000] {taskinstance.py:2480} INFO - Exporting env vars: AIRFLOW_CTX_DAG_OWNER='data-eng' AIRFLOW_CTX_DAG_ID='equity_market_etl' AIRFLOW_CTX_TASK_ID='silver_data_quality_checks' AIRFLOW_CTX_EXECUTION_DATE='2026-01-01T00:00:00+00:00' AIRFLOW_CTX_TRY_NUMBER='11' AIRFLOW_CTX_DAG_RUN_ID='scheduled__2026-01-01T00:00:00+00:00'
[2026-01-02T23:09:26.502+0000] {local_task_job_runner.py:302} WARNING - State of this instance has been externally set to None. Terminating instance.
[2026-01-02T23:09:26.505+0000] {process_utils.py:131} INFO - Sending 15 to group 174. PIDs of all processes in the group: [175, 174]
[2026-01-02T23:09:26.506+0000] {process_utils.py:86} INFO - Sending the signal 15 to group 174
[2026-01-02T23:09:26.507+0000] {taskinstance.py:2450} ERROR - Received SIGTERM. Terminating subprocesses.
[2026-01-02T23:09:26.508+0000] {clientserver.py:538} INFO - Error while receiving.
Traceback (most recent call last):
  File "/home/airflow/.local/lib/python3.11/site-packages/py4j/clientserver.py", line 511, in send_command
    answer = smart_decode(self.stream.readline()[:-1])
                          ^^^^^^^^^^^^^^^^^^^^^^
  File "/usr/local/lib/python3.11/socket.py", line 706, in readinto
    return self._sock.recv_into(b)
           ^^^^^^^^^^^^^^^^^^^^^^^
  File "/home/airflow/.local/lib/python3.11/site-packages/airflow/models/taskinstance.py", line 2452, in signal_handler
    raise AirflowException("Task received SIGTERM signal")
airflow.exceptions.AirflowException: Task received SIGTERM signal
[2026-01-02T23:09:26.511+0000] {clientserver.py:543} INFO - Closing down clientserver connection
[2026-01-02T23:09:26.518+0000] {java_gateway.py:1055} ERROR - Exception while sending command.
Traceback (most recent call last):
  File "/home/airflow/.local/lib/python3.11/site-packages/py4j/clientserver.py", line 511, in send_command
    answer = smart_decode(self.stream.readline()[:-1])
                          ^^^^^^^^^^^^^^^^^^^^^^
  File "/usr/local/lib/python3.11/socket.py", line 706, in readinto
    return self._sock.recv_into(b)
           ^^^^^^^^^^^^^^^^^^^^^^^
  File "/home/airflow/.local/lib/python3.11/site-packages/airflow/models/taskinstance.py", line 2452, in signal_handler
    raise AirflowException("Task received SIGTERM signal")
airflow.exceptions.AirflowException: Task received SIGTERM signal

During handling of the above exception, another exception occurred:

Traceback (most recent call last):
  File "/home/airflow/.local/lib/python3.11/site-packages/py4j/java_gateway.py", line 1038, in send_command
    response = connection.send_command(command)
               ^^^^^^^^^^^^^^^^^^^^^^^^^^^^^^^^
  File "/home/airflow/.local/lib/python3.11/site-packages/py4j/clientserver.py", line 539, in send_command
    raise Py4JNetworkError(
py4j.protocol.Py4JNetworkError: Error while sending or receiving
[2026-01-02T23:09:26.528+0000] {clientserver.py:543} INFO - Closing down clientserver connection
[2026-01-02T23:09:26.998+0000] {clientserver.py:538} INFO - Error while receiving.
Traceback (most recent call last):
  File "/opt/airflow/src/validation/data_quality_checks.py", line 267, in silver_checks
    _assert_not_null(prices, ["date", "ticker", "close", "adj_close", "volume"], "silver_prices")
  File "/opt/airflow/src/validation/data_quality_checks.py", line 81, in _assert_not_null
    _fail_if(
  File "/opt/airflow/src/validation/data_quality_checks.py", line 24, in _fail_if
    bad = df.filter(condition).limit(1).count()
          ^^^^^^^^^^^^^^^^^^^^^^^^^^^^^^^^^^^^^
  File "/home/airflow/.local/lib/python3.11/site-packages/pyspark/sql/dataframe.py", line 1234, in count
    return int(self._jdf.count())
               ^^^^^^^^^^^^^^^^^
  File "/home/airflow/.local/lib/python3.11/site-packages/py4j/java_gateway.py", line 1322, in __call__
    return_value = get_return_value(
                   ^^^^^^^^^^^^^^^^^
  File "/home/airflow/.local/lib/python3.11/site-packages/pyspark/errors/exceptions/captured.py", line 179, in deco
    return f(*a, **kw)
           ^^^^^^^^^^^
  File "/home/airflow/.local/lib/python3.11/site-packages/py4j/protocol.py", line 334, in get_return_value
    raise Py4JError(
py4j.protocol.Py4JError: An error occurred while calling o49.count

During handling of the above exception, another exception occurred:

Traceback (most recent call last):
  File "/home/airflow/.local/lib/python3.11/site-packages/py4j/clientserver.py", line 516, in send_command
    raise Py4JNetworkError("Answer from Java side is empty")
py4j.protocol.Py4JNetworkError: Answer from Java side is empty
[2026-01-02T23:09:27.004+0000] {clientserver.py:543} INFO - Closing down clientserver connection
[2026-01-02T23:09:27.005+0000] {java_gateway.py:1055} ERROR - Exception while sending command.
Traceback (most recent call last):
  File "/opt/airflow/src/validation/data_quality_checks.py", line 267, in silver_checks
    _assert_not_null(prices, ["date", "ticker", "close", "adj_close", "volume"], "silver_prices")
  File "/opt/airflow/src/validation/data_quality_checks.py", line 81, in _assert_not_null
    _fail_if(
  File "/opt/airflow/src/validation/data_quality_checks.py", line 24, in _fail_if
    bad = df.filter(condition).limit(1).count()
          ^^^^^^^^^^^^^^^^^^^^^^^^^^^^^^^^^^^^^
  File "/home/airflow/.local/lib/python3.11/site-packages/pyspark/sql/dataframe.py", line 1234, in count
    return int(self._jdf.count())
               ^^^^^^^^^^^^^^^^^
  File "/home/airflow/.local/lib/python3.11/site-packages/py4j/java_gateway.py", line 1322, in __call__
    return_value = get_return_value(
                   ^^^^^^^^^^^^^^^^^
  File "/home/airflow/.local/lib/python3.11/site-packages/pyspark/errors/exceptions/captured.py", line 179, in deco
    return f(*a, **kw)
           ^^^^^^^^^^^
  File "/home/airflow/.local/lib/python3.11/site-packages/py4j/protocol.py", line 334, in get_return_value
    raise Py4JError(
py4j.protocol.Py4JError: An error occurred while calling o49.count

During handling of the above exception, another exception occurred:

Traceback (most recent call last):
  File "/home/airflow/.local/lib/python3.11/site-packages/py4j/clientserver.py", line 516, in send_command
    raise Py4JNetworkError("Answer from Java side is empty")
py4j.protocol.Py4JNetworkError: Answer from Java side is empty

During handling of the above exception, another exception occurred:

Traceback (most recent call last):
  File "/home/airflow/.local/lib/python3.11/site-packages/py4j/java_gateway.py", line 1038, in send_command
    response = connection.send_command(command)
               ^^^^^^^^^^^^^^^^^^^^^^^^^^^^^^^^
  File "/home/airflow/.local/lib/python3.11/site-packages/py4j/clientserver.py", line 539, in send_command
    raise Py4JNetworkError(
py4j.protocol.Py4JNetworkError: Error while sending or receiving
[2026-01-02T23:09:27.007+0000] {clientserver.py:543} INFO - Closing down clientserver connection
[2026-01-02T23:09:27.008+0000] {taskinstance.py:2698} ERROR - Task failed with exception
Traceback (most recent call last):
  File "/opt/airflow/src/validation/data_quality_checks.py", line 267, in silver_checks
    _assert_not_null(prices, ["date", "ticker", "close", "adj_close", "volume"], "silver_prices")
  File "/opt/airflow/src/validation/data_quality_checks.py", line 81, in _assert_not_null
    _fail_if(
  File "/opt/airflow/src/validation/data_quality_checks.py", line 24, in _fail_if
    bad = df.filter(condition).limit(1).count()
          ^^^^^^^^^^^^^^^^^^^^^^^^^^^^^^^^^^^^^
  File "/home/airflow/.local/lib/python3.11/site-packages/pyspark/sql/dataframe.py", line 1234, in count
    return int(self._jdf.count())
               ^^^^^^^^^^^^^^^^^
  File "/home/airflow/.local/lib/python3.11/site-packages/py4j/java_gateway.py", line 1322, in __call__
    return_value = get_return_value(
                   ^^^^^^^^^^^^^^^^^
  File "/home/airflow/.local/lib/python3.11/site-packages/pyspark/errors/exceptions/captured.py", line 179, in deco
    return f(*a, **kw)
           ^^^^^^^^^^^
  File "/home/airflow/.local/lib/python3.11/site-packages/py4j/protocol.py", line 334, in get_return_value
    raise Py4JError(
py4j.protocol.Py4JError: An error occurred while calling o49.count

During handling of the above exception, another exception occurred:

Traceback (most recent call last):
  File "/home/airflow/.local/lib/python3.11/site-packages/airflow/models/taskinstance.py", line 433, in _execute_task
    result = execute_callable(context=context, **execute_callable_kwargs)
             ^^^^^^^^^^^^^^^^^^^^^^^^^^^^^^^^^^^^^^^^^^^^^^^^^^^^^^^^^^^^
  File "/home/airflow/.local/lib/python3.11/site-packages/airflow/operators/python.py", line 199, in execute
    return_value = self.execute_callable()
                   ^^^^^^^^^^^^^^^^^^^^^^^
  File "/home/airflow/.local/lib/python3.11/site-packages/airflow/operators/python.py", line 216, in execute_callable
    return self.python_callable(*self.op_args, **self.op_kwargs)
           ^^^^^^^^^^^^^^^^^^^^^^^^^^^^^^^^^^^^^^^^^^^^^^^^^^^^^
  File "/opt/airflow/src/validation/data_quality_checks.py", line 501, in silver_checks
    spark.stop()
  File "/home/airflow/.local/lib/python3.11/site-packages/pyspark/sql/session.py", line 1799, in stop
    self._jvm.SparkSession.clearDefaultSession()
    ^^^^^^^^^^^^^^^^^^^^^^
  File "/home/airflow/.local/lib/python3.11/site-packages/py4j/java_gateway.py", line 1725, in __getattr__
    raise Py4JError(message)
py4j.protocol.Py4JError: SparkSession does not exist in the JVM
[2026-01-02T23:09:27.025+0000] {taskinstance.py:1138} INFO - Marking task as UP_FOR_RETRY. dag_id=equity_market_etl, task_id=silver_data_quality_checks, execution_date=20260101T000000, start_date=20260102T230856, end_date=20260102T230927
[2026-01-02T23:09:27.044+0000] {standard_task_runner.py:107} ERROR - Failed to execute job 60 for task silver_data_quality_checks (SparkSession does not exist in the JVM; 174)
[2026-01-02T23:09:27.056+0000] {process_utils.py:79} INFO - Process psutil.Process(pid=174, status='terminated', exitcode=1, started='23:08:55') (174) terminated with exit code 1
[2026-01-02T23:09:27.057+0000] {process_utils.py:79} INFO - Process psutil.Process(pid=175, status='terminated', started='23:08:55') (175) terminated with exit code None
